// Vitest Snapshot v1, https://vitest.dev/guide/snapshot.html

exports[`BaseModal > Component Should Render Correctly 1`] = `
"<!--teleport start-->
<!--teleport end-->"
`;
