// Vitest Snapshot v1, https://vitest.dev/guide/snapshot.html

exports[`ComentFeedView > Should Render Correctly 1`] = `
"<div data-v-fd6b37a4="" class="comment__feed">
  <div data-v-fd6b37a4="" class="question__wrapper">
    <h1 data-v-fd6b37a4=""></h1>
    <div data-v-fd6b37a4="" class="question__detail">
      <h2 data-v-fd6b37a4=""></h2>
    </div>
    <div data-v-fd6b37a4="" class="question__stats">
      <!-- Upvote down vote List -->
      <div data-v-fd6b37a4="" class="bg-white rounded"><button data-v-1090a549="" class="btn btn__upvote" title="Click to Upvote"><svg data-v-1090a549="" class="ov-icon" style="font-size: 1.44em;" aria-hidden="true" width="23.04" height="23.04" viewBox="-1.6 -1.6 19.2 19.2" fill="currentColor">
            <path fill-rule="evenodd" d="M1 8a7 7 0 1014 0A7 7 0 001 8zm15 0A8 8 0 110 8a8 8 0 0116 0zm-7.5 3.5a.5.5 0 01-1 0V5.707L5.354 7.854a.5.5 0 11-.708-.708l3-3a.5.5 0 01.708 0l3 3a.5.5 0 01-.708.708L8.5 5.707V11.5z"></path>
          </svg></button><button data-v-1090a549="" class="btn btn__downvote" title="Click to DownVote"><svg data-v-1090a549="" class="ov-icon" style="font-size: 1.44em;" aria-hidden="true" width="23.04" height="23.04" viewBox="-1.6 -1.6 19.2 19.2" fill="currentColor">
            <path fill-rule="evenodd" d="M1 8a7 7 0 1014 0A7 7 0 001 8zm15 0A8 8 0 110 8a8 8 0 0116 0zM8.5 4.5a.5.5 0 00-1 0v5.793L5.354 8.146a.5.5 0 10-.708.708l3 3a.5.5 0 00.708 0l3-3a.5.5 0 00-.708-.708L8.5 10.293V4.5z"></path>
          </svg></button></div>
      <p data-v-fd6b37a4="" class="m-none">0 points</p>
    </div>
  </div>
  <div data-v-abc9304f="" data-v-fd6b37a4="" class="text__editor__container">
    <div data-v-abc9304f="" class="text__editor__top">
      <h3 data-v-abc9304f="">Discussion (11 comments)</h3>
      <!--v-if-->
    </div>
    <form data-v-abc9304f="" role="form"><textarea data-v-abc9304f="" name="" id="" rows="10" class="text__editor" placeholder="Make it Creative :)" value=""></textarea>
      <div data-v-abc9304f="" class="text__editor__footer">
        <p data-v-abc9304f="">0 / 400 Characters </p><button data-v-abc9304f="" class="btn btn__comment"> Comment </button>
      </div>
    </form>
    <!--v-if-->
  </div>
  <div data-v-fd6b37a4="" class="filter__wrapper"><button data-v-fd6b37a4="" title="Sort by Most Points" class="btn btn__sort"> Most Upvoted </button><button data-v-fd6b37a4="" title="Reset" class="selected btn btn__reset"> Reset </button></div>
  <div data-v-fd6b37a4="" class="loader__wraper"><svg data-v-fd6b37a4="" class="ov-icon" style="font-size: 2.4em;" aria-hidden="true" width="38.4" height="38.4" viewBox="0 0 24 24" fill="currentColor" color="red">
      <path fill="none" d="M0 0h24v24H0z"></path>
      <path d="M12 2a1 1 0 011 1v3a1 1 0 01-2 0V3a1 1 0 011-1zm0 15a1 1 0 011 1v3a1 1 0 01-2 0v-3a1 1 0 011-1zm10-5a1 1 0 01-1 1h-3a1 1 0 010-2h3a1 1 0 011 1zM7 12a1 1 0 01-1 1H3a1 1 0 010-2h3a1 1 0 011 1zm12.071 7.071a1 1 0 01-1.414 0l-2.121-2.121a1 1 0 011.414-1.414l2.121 2.12a1 1 0 010 1.415zM8.464 8.464a1 1 0 01-1.414 0l-2.12-2.12a1 1 0 011.414-1.415l2.12 2.121a1 1 0 010 1.414zM4.93 19.071a1 1 0 010-1.414l2.121-2.121a1 1 0 111.414 1.414l-2.12 2.121a1 1 0 01-1.415 0zM15.536 8.464a1 1 0 010-1.414l2.12-2.121a1 1 0 011.415 1.414L16.95 8.464a1 1 0 01-1.414 0z"></path>
    </svg></div>
</div>"
`;
